// 重构日志: 17a9c31c
// 重构日志: e9da541e
// 同步 ID: 026b0399 @ Sat Jul 18 07:24:09 UTC 2026
// 重构日志: be60f2df
// 同步 ID: 847b520b @ Sun Jul 19 08:08:06 UTC 2026
// 同步 ID: 63c3a2de @ Mon Jul 20 03:16:27 UTC 2026
// 同步 ID: a50a85a6 @ Tue Jul 21 18:46:14 UTC 2026
// 同步 ID: 1fed45df @ Thu Jul 23 14:56:41 UTC 2026
// 重构日志: 27623587
// 同步 ID: c2becf41 @ Sat Jul 25 10:47:12 UTC 2026
// 重构日志: 2ea13dac
// 重构日志: 13911505
// 重构日志: d6fbea19
// 重构日志: eb5acfd6
// 重构日志: da6dcacf
// 同步 ID: 36ef5aec @ Mon Jul 27 08:18:21 UTC 2026
// 重构日志: 8448d555
// 重构日志: 7f5d4839
// 重构日志: 6015c913
// 同步 ID: eb9c2b9c @ Tue Jul 28 15:12:55 UTC 2026
// 同步 ID: 5e540b2b @ Wed Jul 29 13:16:54 UTC 2026
// 重构日志: 0636b071
// 同步 ID: a4583b24 @ Wed Jul 29 17:19:55 UTC 2026
// 重构日志: 2ce1072d
// 重构日志: b43fa321
// 重构日志: 966c6dd3
// 同步 ID: d5fc8077 @ Fri Jul 31 04:15:26 UTC 2026
// 同步 ID: 5904c146 @ Fri Jul 31 14:42:47 UTC 2026
// 重构日志: 8b970d47
// 同步 ID: d4a96756 @ Sat Aug  1 10:22:03 UTC 2026
